hi!
pass (answered yes)
pass (answered no)
pass (answered no)
pass (answered yes)
pass (answered yes)
pass (answered no)
s: woah 
t: cow says moo 
s: woah cow says moo 
t: cow says moo 
s: woah cow says moo 
t: woah cow says moo 
pass (answered yes)
pass (answered no)
pass (answered no)
pass (answered no)
pass (answered yes)
pass (answered yes)
pass (answered no)
pass (answered yes)

bye!
