hi!

# Safe Correctness
top  val NULL ... len 0 cap 2
push val 1 ... len 1 cap 2
top  val 1 ... len 1 cap 2
push val 3 ... len 2 cap 2
top  val 3 ... len 2 cap 2
push val 5 ... len 3 cap 3
top  val 5 ... len 3 cap 3
push val 7 ... len 4 cap 4
top  val 7 ... len 4 cap 4
push val 9 ... len 5 cap 6
top  val 9 ... len 5 cap 6
push val 11 ... len 6 cap 6
top  val 11 ... len 6 cap 6
push val 13 ... len 7 cap 8
top  val 13 ... len 7 cap 8
push val 15 ... len 8 cap 8
top  val 15 ... len 8 cap 8
push val 17 ... len 9 cap 11
top  val 17 ... len 9 cap 11
push val 19 ... len 10 cap 11
top  val 19 ... len 10 cap 11
push val 21 ... len 11 cap 11
top  val 21 ... len 11 cap 11
push val 23 ... len 12 cap 14
resize 6 ... ... len 12 cap 14
resize 7 ... ... len 12 cap 14
resize 8 ... ... len 12 cap 14
resize 9 ... ... len 12 cap 14
resize 10 ... ... len 12 cap 14
resize 11 ... ... len 12 cap 14
resize 12 ... ... len 12 cap 14
resize 13 ... ... len 12 cap 13
resize 14 ... ... len 12 cap 14
resize 15 ... ... len 12 cap 15
resize 16 ... ... len 12 cap 16
resize 17 ... ... len 12 cap 17
getref idx -6 val NULL ... len 12 cap 17
getref idx -5 val NULL ... len 12 cap 17
getref idx -4 val NULL ... len 12 cap 17
getref idx -3 val NULL ... len 12 cap 17
getref idx -2 val NULL ... len 12 cap 17
getref idx -1 val NULL ... len 12 cap 17
getref idx 0 val 1 ... len 12 cap 17
getref idx 1 val 3 ... len 12 cap 17
getref idx 2 val 5 ... len 12 cap 17
getref idx 3 val 7 ... len 12 cap 17
getref idx 4 val 9 ... len 12 cap 17
getref idx 5 val 11 ... len 12 cap 17
getref idx 6 val 13 ... len 12 cap 17
getref idx 7 val 15 ... len 12 cap 17
getref idx 8 val 17 ... len 12 cap 17
getref idx 9 val 19 ... len 12 cap 17
getref idx 10 val 21 ... len 12 cap 17
getref idx 11 val 23 ... len 12 cap 17
getref idx 12 val NULL ... len 12 cap 17
getref idx 13 val NULL ... len 12 cap 17
getref idx 14 val NULL ... len 12 cap 17
getref idx 15 val NULL ... len 12 cap 17
getref idx 16 val NULL ... len 12 cap 17
getref idx 17 val NULL ... len 12 cap 17
pop val 23 ... len 11 cap 17
pop val 21 ... len 10 cap 17
pop val 19 ... len 9 cap 17
pop val 17 ... len 8 cap 17
pop val 15 ... len 7 cap 17
pop val 13 ... len 6 cap 17
pop val 11 ... len 5 cap 17
pop val 9 ... len 4 cap 17
pop val 7 ... len 3 cap 17
pop val 5 ... len 2 cap 17
pop val 3 ... len 1 cap 17
pop val 1 ... len 0 cap 17

# Unsafe Correctness
top ... is empty! ... len 0 cap 6
push val 1 ... len 1 cap 6
top  val 1 ... len 1 cap 6
push val 3 ... len 2 cap 6
top  val 3 ... len 2 cap 6
push val 5 ... len 3 cap 6
top  val 5 ... len 3 cap 6
push val 7 ... len 4 cap 6
top  val 7 ... len 4 cap 6
push val 9 ... len 5 cap 6
top  val 9 ... len 5 cap 6
push val 11 ... len 6 cap 6
top  val 11 ... len 6 cap 6
push ... is full! ... len 6 cap 6
top  val 11 ... len 6 cap 6
push ... is full! ... len 6 cap 6
top  val 11 ... len 6 cap 6
push ... is full! ... len 6 cap 6
top  val 11 ... len 6 cap 6
push ... is full! ... len 6 cap 6
top  val 11 ... len 6 cap 6
push ... is full! ... len 6 cap 6
top  val 11 ... len 6 cap 6
push ... is full! ... len 6 cap 6
resize 6 ... ... len 6 cap 6
resize 7 ... ... len 6 cap 7
resize 8 ... ... len 6 cap 8
resize 9 ... ... len 6 cap 9
resize 10 ... ... len 6 cap 10
resize 11 ... ... len 6 cap 11
getref idx 0 val 1 ... len 6 cap 11
getref idx 1 val 3 ... len 6 cap 11
getref idx 2 val 5 ... len 6 cap 11
getref idx 3 val 7 ... len 6 cap 11
getref idx 4 val 9 ... len 6 cap 11
getref idx 5 val 11 ... len 6 cap 11
pop val 11 ... len 5 cap 11
pop val 9 ... len 4 cap 11
pop val 7 ... len 3 cap 11
pop val 5 ... len 2 cap 11
pop val 3 ... len 1 cap 11
pop val 1 ... len 0 cap 11
pop ... is empty! ... len 0 cap 11
pop ... is empty! ... len 0 cap 11
pop ... is empty! ... len 0 cap 11
pop ... is empty! ... len 0 cap 11
pop ... is empty! ... len 0 cap 11
pop ... is empty! ... len 0 cap 11

# Poly Correctness
sum is 8258350

# Unsafe Speed
[[TIME]] pushing 	 took 0.030 seconds
[[TIME]] getting 	 took 0.027 seconds
sum is 256447232

# Safe Speed
[[TIME]] pushing 	 took 0.038 seconds
[[TIME]] getting 	 took 0.027 seconds
sum is 256447232

# Resize Speed
[[TIME]] resizing 	 took 0.026 seconds

bye!
