hi!

# Okay Lexing
-- this is a comment, then a blank line                      
my_identifier:MyTypeName                                     
indentation_test                                             
  ! body ( func arg arg ) . superfunc                        

[ {-NEWLINE-} ][ {-NEWLINE-} ][ my_identifier ][ : ][ MyTypeName ]
[ {-NEWLINE-} ][ indentation_test ][ {-INDENT-} ][ ! ][ body ][ ( ][ func ]
[ arg ][ arg ][ ) ][ . ][ superfunc ][ {-DEDENT-} ]

# Indents
                     
moo0                 
  goo1 goo1          
    gai2 gai2 gai2   
  goo1               
  goo-start          
                     

  goo-end            
  --various gaps
    gai2             
      pan3           
                     
end                  
                     

[ {-NEWLINE-} ][ moo0 ][ {-INDENT-} ][ goo1 ][ goo1 ][ {-INDENT-} ][ gai2 ]
[ gai2 ][ gai2 ][ {-DEDENT-} ][ goo1 ][ {-NEWLINE-} ][ goo-start ]
[ {-NEWLINE-} ][ goo-end ][ {-NEWLINE-} ][ {-INDENT-} ][ gai2 ][ {-INDENT-} ]
[ pan3 ][ {-DEDENT-} ][ {-DEDENT-} ][ {-DEDENT-} ][ end ]

# Symbols
 *{![[<<a=b>>]]};;: 

[ {-INDENT-} ][ * ][ { ][ ! ][ [[ ][ << ][ a ][ = ][ b ][ >> ][ ]] ][ } ][ ; ]
[ ; ][ : ][ {-DEDENT-} ]

# Bad Identifier Names
 -google-fruit --bad                                         
 _google_fruit --bad                                         
 google-fruit  --okay                                        
 google-fruit- --bad                                         
 google_fruit  --okay                                        
 google_fruit_ --bad                                         
 googleFruit   --okay                                        
 googleFruit69 --okay                                        
 69googleFruit --bad                                         

 at line 0 : unable to match : 
    [-google-fruit --bad                                         ]
 at line 1 : unable to match : 
    [_google_fruit --bad                                         ]
 at line 3 : unable to match : 
    [google-fruit- --bad                                         ]
 at line 5 : unable to match : 
    [google_fruit_ --bad                                         ]
 at line 8 : unable to match : 
    [69googleFruit --bad                                         ]
[ {-INDENT-} ][ {-NEWLINE-} ][ {-NEWLINE-} ][ google-fruit ][ {-NEWLINE-} ]
[ {-NEWLINE-} ][ google_fruit ][ {-NEWLINE-} ][ {-NEWLINE-} ][ googleFruit ]
[ {-NEWLINE-} ][ googleFruit69 ][ {-NEWLINE-} ][ {-DEDENT-} ]
 CStr_ing    --okay      
 CString     --okay      
 CString_    --bad       
 MooMitten   --okay      
 _CString    --bad       

 at line 2 : unable to match : 
    [CString_    --bad       ]
 at line 4 : unable to match : 
    [_CString    --bad       ]
[ {-INDENT-} ][ CStr_ing ][ {-NEWLINE-} ][ CString ][ {-NEWLINE-} ]
[ {-NEWLINE-} ][ MooMitten ][ {-NEWLINE-} ][ {-DEDENT-} ]
bye!
